{
  "Value": 0,
  "Kind": "Integer",
  "Fingerprint": {
    "Kind": 2,
    "EncodingLength": 3,
    "Digest": "AA=="
  },
  "EncodingLength": 3,
  "Inspection": "0"
}
